// Jest Snapshot v1, https://goo.gl/fbAQLP

exports[`micro-methods should fail to serve a request with an unsupported method: body 1`] = `
Array [
  "{\\"title\\":\\"Not Acceptable\\",\\"status\\":406,\\"detail\\":\\"The Content-Type you requested can not be provided. Check your Accept header and try to accept and use one of the supported Content-Types.\\",\\"supported\\":[\\"json\\"],\\"requested\\":[\\"application/xml\\"]}",
]
`;

exports[`micro-methods should fail to serve a request with an unsupported method: setHeader calls 1`] = `
Array [
  Array [
    "Content-Type",
    "application/json+problem",
  ],
  Array [
    "Content-Length",
    242,
  ],
]
`;
